------------------------------------------------------------
Timing Analyzer Summary
------------------------------------------------------------

Type  : Slow 900mV 100C Model Setup 'clk'
Slack : -4.053
TNS   : -3433.120

Type  : Slow 900mV 100C Model Setup 'inst_rdata[0]'
Slack : -2.398
TNS   : -16.351

Type  : Slow 900mV 100C Model Hold 'inst_rdata[0]'
Slack : -0.592
TNS   : -1.569

Type  : Slow 900mV 100C Model Hold 'clk'
Slack : -0.219
TNS   : -0.219

Type  : Slow 900mV 100C Model Minimum Pulse Width 'clk'
Slack : -2.846
TNS   : -2353.773

Type  : Slow 900mV 100C Model Minimum Pulse Width 'inst_rdata[0]'
Slack : -2.846
TNS   : -3.072

Type  : Slow 900mV -40C Model Setup 'clk'
Slack : -3.687
TNS   : -3165.818

Type  : Slow 900mV -40C Model Setup 'inst_rdata[0]'
Slack : -2.209
TNS   : -14.928

Type  : Slow 900mV -40C Model Hold 'inst_rdata[0]'
Slack : -0.507
TNS   : -1.716

Type  : Slow 900mV -40C Model Hold 'clk'
Slack : -0.169
TNS   : -0.169

Type  : Slow 900mV -40C Model Minimum Pulse Width 'clk'
Slack : -2.846
TNS   : -2355.300

Type  : Slow 900mV -40C Model Minimum Pulse Width 'inst_rdata[0]'
Slack : -2.846
TNS   : -2.864

Type  : Fast 900mV -40C Model Setup 'clk'
Slack : -2.208
TNS   : -1058.531

Type  : Fast 900mV -40C Model Setup 'inst_rdata[0]'
Slack : -1.148
TNS   : -4.446

Type  : Fast 900mV -40C Model Hold 'inst_rdata[0]'
Slack : -0.322
TNS   : -0.852

Type  : Fast 900mV -40C Model Hold 'clk'
Slack : -0.205
TNS   : -0.205

Type  : Fast 900mV -40C Model Minimum Pulse Width 'clk'
Slack : -2.846
TNS   : -974.136

Type  : Fast 900mV -40C Model Minimum Pulse Width 'inst_rdata[0]'
Slack : -2.846
TNS   : -3.301

------------------------------------------------------------
